$ vitest backend/database/tests/testCore.spec.ts --run
[?25l
[1m[7m[36m RUN [39m[27m[22m [36mv3.0.0 [39m[90mE:/Repository/auditbooks-v1/src[39m

[90mstdout[2m | ../backend/database/tests/testCore.spec.ts[2m > [22m[2mdb init, migrate, close
[22m[39mStarting migration...

[90mstdout[2m | ../backend/database/tests/testCore.spec.ts[2m > [22m[2mdb init, migrate, close
[22m[39mCreating table: SingleValue

[90mstdout[2m | ../backend/database/tests/testCore.spec.ts[2m > [22m[2mdb init, migrate, close
[22m[39mCreating table: Customer

[90mstdout[2m | ../backend/database/tests/testCore.spec.ts[2m > [22m[2mdb init, migrate, close
[22m[39mCreating table: SalesInvoice

[90mstdout[2m | ../backend/database/tests/testCore.spec.ts[2m > [22m[2mdb init, migrate, close
[22m[39mCreating table: SalesInvoiceItem

[90mstdout[2m | ../backend/database/tests/testCore.spec.ts[2m > [22m[2mdb init, migrate, close
[22m[39mInitializing singles...

[90mstdout[2m | ../backend/database/tests/testCore.spec.ts[2m > [22m[2mdb init, migrate, close
[22m[39mMigration complete.

[90mstdout[2m | ../backend/database/tests/testCore.spec.ts[2m > [22m[2mPost Migrate TableInfo
[22m[39mStarting migration...

[90mstdout[2m | ../backend/database/tests/testCore.spec.ts[2m > [22m[2mPost Migrate TableInfo
[22m[39mCreating table: SingleValue

[90mstdout[2m | ../backend/database/tests/testCore.spec.ts[2m > [22m[2mPost Migrate TableInfo
[22m[39mCreating table: Customer

[90mstdout[2m | ../backend/database/tests/testCore.spec.ts[2m > [22m[2mPost Migrate TableInfo
[22m[39mCreating table: SalesInvoice

[90mstdout[2m | ../backend/database/tests/testCore.spec.ts[2m > [22m[2mPost Migrate TableInfo
[22m[39mCreating table: SalesInvoiceItem

[90mstdout[2m | ../backend/database/tests/testCore.spec.ts[2m > [22m[2mPost Migrate TableInfo
[22m[39mInitializing singles...

[90mstdout[2m | ../backend/database/tests/testCore.spec.ts[2m > [22m[2mPost Migrate TableInfo
[22m[39mMigration complete.

[90mstdout[2m | ../backend/database/tests/testCore.spec.ts[2m > [22m[2mexists() before insertion
[22m[39mStarting migration...

[90mstdout[2m | ../backend/database/tests/testCore.spec.ts[2m > [22m[2mexists() before insertion
[22m[39mCreating table: SingleValue

[90mstdout[2m | ../backend/database/tests/testCore.spec.ts[2m > [22m[2mexists() before insertion
[22m[39mCreating table: Customer

[90mstdout[2m | ../backend/database/tests/testCore.spec.ts[2m > [22m[2mexists() before insertion
[22m[39mCreating table: SalesInvoice

[90mstdout[2m | ../backend/database/tests/testCore.spec.ts[2m > [22m[2mexists() before insertion
[22m[39mCreating table: SalesInvoiceItem

[90mstdout[2m | ../backend/database/tests/testCore.spec.ts[2m > [22m[2mexists() before insertion
[22m[39mInitializing singles...

[90mstdout[2m | ../backend/database/tests/testCore.spec.ts[2m > [22m[2mexists() before insertion
[22m[39mMigration complete.

[90mstdout[2m | ../backend/database/tests/testCore.spec.ts[2m > [22m[2mCRUD single values
[22m[39mStarting migration...

[90mstdout[2m | ../backend/database/tests/testCore.spec.ts[2m > [22m[2mCRUD single values
[22m[39mCreating table: SingleValue

[90mstdout[2m | ../backend/database/tests/testCore.spec.ts[2m > [22m[2mCRUD single values
[22m[39mCreating table: Customer

[90mstdout[2m | ../backend/database/tests/testCore.spec.ts[2m > [22m[2mCRUD single values
[22m[39mCreating table: SalesInvoice

[90mstdout[2m | ../backend/database/tests/testCore.spec.ts[2m > [22m[2mCRUD single values
[22m[39mCreating table: SalesInvoiceItem

[90mstdout[2m | ../backend/database/tests/testCore.spec.ts[2m > [22m[2mCRUD single values
[22m[39mInitializing singles...

[90mstdout[2m | ../backend/database/tests/testCore.spec.ts[2m > [22m[2mCRUD single values
[22m[39mMigration complete.

[90mstdout[2m | ../backend/database/tests/testCore.spec.ts[2m > [22m[2mCRUD nondependent schema
[22m[39mStarting migration...

[90mstdout[2m | ../backend/database/tests/testCore.spec.ts[2m > [22m[2mCRUD nondependent schema
[22m[39mCreating table: SingleValue

[90mstdout[2m | ../backend/database/tests/testCore.spec.ts[2m > [22m[2mCRUD nondependent schema
[22m[39mCreating table: Customer

[90mstdout[2m | ../backend/database/tests/testCore.spec.ts[2m > [22m[2mCRUD nondependent schema
[22m[39mCreating table: SalesInvoice

[90mstdout[2m | ../backend/database/tests/testCore.spec.ts[2m > [22m[2mCRUD nondependent schema
[22m[39mCreating table: SalesInvoiceItem

[90mstdout[2m | ../backend/database/tests/testCore.spec.ts[2m > [22m[2mCRUD nondependent schema
[22m[39mInitializing singles...

[90mstdout[2m | ../backend/database/tests/testCore.spec.ts[2m > [22m[2mCRUD nondependent schema
[22m[39mMigration complete.

[90mstdout[2m | ../backend/database/tests/testCore.spec.ts[2m > [22m[2mCRUD dependent schema
[22m[39mStarting migration...

[90mstdout[2m | ../backend/database/tests/testCore.spec.ts[2m > [22m[2mCRUD dependent schema
[22m[39mCreating table: SingleValue

[90mstdout[2m | ../backend/database/tests/testCore.spec.ts[2m > [22m[2mCRUD dependent schema
[22m[39mCreating table: Customer

[90mstdout[2m | ../backend/database/tests/testCore.spec.ts[2m > [22m[2mCRUD dependent schema
[22m[39mCreating table: SalesInvoice

[90mstdout[2m | ../backend/database/tests/testCore.spec.ts[2m > [22m[2mCRUD dependent schema
[22m[39mCreating table: SalesInvoiceItem

[90mstdout[2m | ../backend/database/tests/testCore.spec.ts[2m > [22m[2mCRUD dependent schema
[22m[39mInitializing singles...

[90mstdout[2m | ../backend/database/tests/testCore.spec.ts[2m > [22m[2mCRUD dependent schema
[22m[39mMigration complete.

[90mstdout[2m | ../backend/database/tests/testCore.spec.ts[2m > [22m[2mdb deleteAll
[22m[39mStarting migration...

[90mstdout[2m | ../backend/database/tests/testCore.spec.ts[2m > [22m[2mdb deleteAll
[22m[39mCreating table: SingleValue

[90mstdout[2m | ../backend/database/tests/testCore.spec.ts[2m > [22m[2mdb deleteAll
[22m[39mCreating table: Customer

[90mstdout[2m | ../backend/database/tests/testCore.spec.ts[2m > [22m[2mdb deleteAll
[22m[39mCreating table: SalesInvoice

[90mstdout[2m | ../backend/database/tests/testCore.spec.ts[2m > [22m[2mdb deleteAll
[22m[39mCreating table: SalesInvoiceItem

[90mstdout[2m | ../backend/database/tests/testCore.spec.ts[2m > [22m[2mdb deleteAll
[22m[39mInitializing singles...

[90mstdout[2m | ../backend/database/tests/testCore.spec.ts[2m > [22m[2mdb deleteAll
[22m[39mMigration complete.

 [32mΓ£ô[39m ../backend/database/tests/testCore.spec.ts [2m([22m[2m8 tests[22m[2m)[22m[90m 156[2mms[22m[39m

[2m Test Files [22m [1m[32m1 passed[39m[22m[90m (1)[39m
[2m      Tests [22m [1m[32m8 passed[39m[22m[90m (8)[39m
[2m   Start at [22m 21:52:47
[2m   Duration [22m 6.36s[2m (transform 716ms, setup 0ms, collect 1.95s, tests 156ms, environment 2.68s, prepare 896ms)[22m

[?25h
